{
  "$schema": "https://json-schema.org/draft/2020-12/schema",
  "type": "object",
  "properties": {
    "emails": {
      "type": "array",
      "items": {
        "type": "string",
        "format": "email",
        "examples": [
          "user1@example.com"
        ]
      },
      "examples": [
        [
          "user1@example.com",
          "user2@example.com",
          "admin@example.com"
        ]
      ]
    },
    "dates": {
      "type": "array",
      "items": {
        "type": "string",
        "format": "date",
        "examples": [
          "2023-01-01"
        ]
      },
      "examples": [
        [
          "2023-01-01",
          "2023-01-02",
          "2023-01-03"
        ]
      ]
    },
    "uuids": {
      "type": "array",
      "items": {
        "type": "string",
        "format": "uuid",
        "examples": [
          "550e8400-e29b-41d4-a716-446655440000"
        ]
      },
      "examples": [
        [
          "550e8400-e29b-41d4-a716-446655440000",
          "6ba7b810-9dad-11d1-80b4-00c04fd430c8"
        ]
      ]
    }
  },
  "required": [
    "dates",
    "emails",
    "uuids"
  ],
  "examples": [
    {
      "emails": [
        "user1@example.com",
        "user2@example.com",
        "admin@example.com"
      ],
      "dates": [
        "2023-01-01",
        "2023-01-02",
        "2023-01-03"
      ],
      "uuids": [
        "550e8400-e29b-41d4-a716-446655440000",
        "6ba7b810-9dad-11d1-80b4-00c04fd430c8"
      ]
    }
  ]
}