{
  "$schema": "https://json-schema.org/draft/2020-12/schema",
  "type": "object",
  "properties": {
    "id": {
      "type": "string",
      "format": "uuid",
      "examples": [
        "550e8400-e29b-41d4-a716-446655440000"
      ]
    },
    "email": {
      "type": "string",
      "format": "email",
      "examples": [
        "user@example.com"
      ]
    },
    "created_at": {
      "type": "string",
      "format": "date-time",
      "examples": [
        "2023-01-01T12:00:00Z"
      ]
    },
    "birth_date": {
      "type": "string",
      "format": "date",
      "examples": [
        "1990-01-15"
      ]
    },
    "website": {
      "type": "string",
      "format": "uri",
      "examples": [
        "https://example.com"
      ]
    },
    "ip_address": {
      "type": "string",
      "format": "ipv4",
      "examples": [
        "192.168.1.100"
      ]
    }
  },
  "required": [
    "birth_date",
    "created_at",
    "email",
    "id",
    "ip_address",
    "website"
  ],
  "examples": [
    {
      "id": "550e8400-e29b-41d4-a716-446655440000",
      "email": "user@example.com",
      "created_at": "2023-01-01T12:00:00Z",
      "birth_date": "1990-01-15",
      "website": "https://example.com",
      "ip_address": "192.168.1.100"
    }
  ]
}