{
  "$schema": "https://json-schema.org/draft/2020-12/schema",
  "type": "object",
  "properties": {
    "user_email": {
      "type": "string",
      "format": "email",
      "examples": [
        "test@example.com"
      ]
    }
  },
  "required": [
    "user_email"
  ],
  "examples": [
    {
      "user_email": "test@example.com"
    }
  ]
}