{
  "$schema": "https://json-schema.org/draft/2020-12/schema",
  "type": "object",
  "properties": {
    "id": {
      "type": "string",
      "format": "uuid",
      "examples": [
        "550e8400-e29b-41d4-a716-446655440000"
      ]
    },
    "session_id": {
      "type": "string",
      "format": "uuid",
      "examples": [
        "6ba7b810-9dad-11d1-80b4-00c04fd430c8"
      ]
    }
  },
  "required": [
    "id",
    "session_id"
  ],
  "examples": [
    {
      "id": "550e8400-e29b-41d4-a716-446655440000",
      "session_id": "6ba7b810-9dad-11d1-80b4-00c04fd430c8"
    }
  ]
}