{
  "type": "object",
  "properties": {
    "обязательная": {
      "type": "string"
    },
    "необязательная": {
      "type": "null"
    },
    "словарь": {
      "type": "object",
      "properties": {
        "ключ": {
          "type": "string"
        },
        "число": {
          "type": "integer"
        },
        "булево": {
          "type": "boolean"
        },
        "список": {
          "type": "array",
          "items": {
            "type": "integer"
          }
        },
        "вложенный_словарь": {
          "type": "object",
          "properties": {
            "пустое": {
              "type": "null"
            }
          },
          "additionalProperties": false,
          "required": [
            "пустое"
          ]
        },
        "пустой_словарь": {
          "type": "object"
        },
        "пустой_список": {
          "type": "array"
        },
        "пустое_значение": {
          "type": "string"
        },
        "пустое_число": {
          "type": "integer"
        }
      },
      "additionalProperties": false,
      "required": [
        "ключ",
        "число",
        "булево",
        "список",
        "вложенный_словарь",
        "пустой_словарь",
        "пустой_список",
        "пустое_значение",
        "пустое_число"
      ]
    },
    "сложная_структура": {
      "type": "array",
      "items": {
        "type": "object",
        "properties": {
          "почта": {
            "type": "string",
            "format": "email"
          },
          "возраст": {
            "type": [
              "integer",
              "number"
            ]
          },
          "вложенный_объект": {
            "type": "object",
            "properties": {
              "лишний_ключ": {
                "type": "null"
              },
              "ключ": {
                "type": "string"
              }
            },
            "additionalProperties": false,
            "required": [
              "ключ"
            ]
          },
          "id": {
            "type": "integer"
          },
          "дата": {
            "type": "string",
            "format": "date-time"
          },
          "имя": {
            "type": "string"
          }
        },
        "additionalProperties": false,
        "required": [
          "id",
          "вложенный_объект",
          "возраст",
          "имя"
        ]
      }
    },
    "разнотипный_массив": {
      "type": "array",
      "items": {
        "type": "object",
        "properties": {
          "ключ": {
            "type": "string"
          }
        },
        "additionalProperties": false,
        "required": [
          "ключ"
        ]
      }
    }
  },
  "additionalProperties": false,
  "required": [
    "обязательная",
    "необязательная",
    "словарь",
    "сложная_структура",
    "разнотипный_массив"
  ]
}